iacComments
| sample.hcl:1:1:1:16 | sample.hcl@1:1:1:16 |
| sample.hcl:2:1:2:18 | sample.hcl@2:1:2:18 |
| sample.hcl:3:1:3:21 | sample.hcl@3:1:3:21 |
| sample.hcl:6:24:6:47 | sample.hcl@6:24:6:47 |
| template.yml:3:3:3:28 | template.yml@3:3:3:28 |
getText
| sample.hcl:1:1:1:16 | sample.hcl@1:1:1:16 |  a hash comment |
| sample.hcl:2:1:2:18 | sample.hcl@2:1:2:18 |  a slash comment |
| sample.hcl:3:1:3:21 | sample.hcl@3:1:3:21 |  a block comment  |
| sample.hcl:6:24:6:47 | sample.hcl@6:24:6:47 |  an inline hash comment |
| template.yml:3:3:3:28 | template.yml@3:3:3:28 |  a supported YAML comment |
hasHashDelimiter
| sample.hcl:1:1:1:16 | sample.hcl@1:1:1:16 |
| sample.hcl:6:24:6:47 | sample.hcl@6:24:6:47 |
| template.yml:3:3:3:28 | template.yml@3:3:3:28 |
